mode: set
github.com/juandiii/jetson-monitor/api/api.go:7.38,10.2 2 1
github.com/juandiii/jetson-monitor/api/health.go:8.40,12.2 3 1
github.com/juandiii/jetson-monitor/api/webhook_telegram.go:5.42,10.2 2 1
github.com/juandiii/jetson-monitor/main.go:17.13,24.16 5 0
github.com/juandiii/jetson-monitor/main.go:24.16,27.3 2 0
github.com/juandiii/jetson-monitor/main.go:29.2,34.29 2 0
github.com/juandiii/jetson-monitor/main.go:34.29,36.26 2 0
github.com/juandiii/jetson-monitor/main.go:36.26,38.4 1 0
github.com/juandiii/jetson-monitor/main.go:38.9,40.4 1 0
github.com/juandiii/jetson-monitor/main.go:41.3,41.99 1 0
github.com/juandiii/jetson-monitor/main.go:44.2,50.9 5 0
github.com/juandiii/jetson-monitor/main.go:51.23,52.53 1 0
github.com/juandiii/jetson-monitor/main.go:53.26,54.17 1 0
github.com/juandiii/jetson-monitor/main.go:54.17,56.4 1 0
github.com/juandiii/jetson-monitor/main.go:56.9,58.4 1 0
github.com/juandiii/jetson-monitor/main.go:61.2,64.58 3 0
github.com/juandiii/jetson-monitor/main.go:64.58,66.3 1 0
github.com/juandiii/jetson-monitor/main.go:68.2,68.9 1 0
github.com/juandiii/jetson-monitor/main.go:69.26,70.17 1 0
github.com/juandiii/jetson-monitor/main.go:70.17,72.4 1 0
github.com/juandiii/jetson-monitor/main.go:73.10,73.10 0 0
github.com/juandiii/jetson-monitor/main.go:76.2,77.22 2 0
github.com/juandiii/jetson-monitor/version/version.go:9.38,11.2 1 0
github.com/juandiii/jetson-monitor/notification/slack/slack.go:23.101,24.58 1 0
github.com/juandiii/jetson-monitor/notification/slack/slack.go:24.58,25.17 1 0
github.com/juandiii/jetson-monitor/notification/slack/slack.go:25.17,27.4 1 0
github.com/juandiii/jetson-monitor/notification/slack/slack.go:28.3,28.13 1 0
github.com/juandiii/jetson-monitor/notification/slack/slack.go:31.2,31.19 1 0
github.com/juandiii/jetson-monitor/notification/slack/slack.go:31.19,43.17 2 0
github.com/juandiii/jetson-monitor/notification/slack/slack.go:43.17,45.4 1 0
github.com/juandiii/jetson-monitor/notification/slack/slack.go:48.2,49.15 2 0
github.com/juandiii/jetson-monitor/notification/slack/slack.go:49.15,51.3 1 0
github.com/juandiii/jetson-monitor/notification/slack/slack.go:52.2,52.15 1 0
github.com/juandiii/jetson-monitor/notification/slack/slack.go:52.15,53.17 1 0
github.com/juandiii/jetson-monitor/notification/slack/slack.go:53.17,55.4 1 0
github.com/juandiii/jetson-monitor/notification/slack/slack.go:56.3,56.13 1 0
github.com/juandiii/jetson-monitor/notification/slack/slack.go:59.2,59.54 1 0
github.com/juandiii/jetson-monitor/notification/slack/slack.go:62.63,64.67 1 0
github.com/juandiii/jetson-monitor/notification/slack/slack.go:64.67,66.3 1 0
github.com/juandiii/jetson-monitor/notification/slack/slack.go:68.2,72.16 4 0
github.com/juandiii/jetson-monitor/notification/slack/slack.go:72.16,74.3 1 0
github.com/juandiii/jetson-monitor/notification/slack/slack.go:76.2,77.16 2 0
github.com/juandiii/jetson-monitor/notification/slack/slack.go:77.16,80.3 1 0
github.com/juandiii/jetson-monitor/notification/slack/slack.go:82.2,82.21 1 0
github.com/juandiii/jetson-monitor/notification/slack/slack.go:82.21,84.3 1 0
github.com/juandiii/jetson-monitor/notification/slack/slack.go:85.2,85.12 1 0
github.com/juandiii/jetson-monitor/logging/logging.go:27.34,30.18 3 0
github.com/juandiii/jetson-monitor/logging/logging.go:31.27,32.27 1 0
github.com/juandiii/jetson-monitor/logging/logging.go:33.17,34.26 1 0
github.com/juandiii/jetson-monitor/logging/logging.go:35.24,36.26 1 0
github.com/juandiii/jetson-monitor/logging/logging.go:37.15,38.27 1 0
github.com/juandiii/jetson-monitor/logging/logging.go:39.10,40.26 1 0
github.com/juandiii/jetson-monitor/logging/logging.go:43.2,50.25 6 0
github.com/juandiii/jetson-monitor/logging/logging.go:50.25,52.3 1 0
github.com/juandiii/jetson-monitor/logging/logging.go:52.8,54.3 1 0
github.com/juandiii/jetson-monitor/logging/logging.go:56.2,60.38 4 0
github.com/juandiii/jetson-monitor/logging/logging.go:63.69,63.104 1 0
github.com/juandiii/jetson-monitor/logging/logging.go:64.69,64.103 1 0
github.com/juandiii/jetson-monitor/logging/logging.go:65.69,65.104 1 0
github.com/juandiii/jetson-monitor/logging/logging.go:67.53,67.79 1 0
github.com/juandiii/jetson-monitor/logging/logging.go:68.53,68.78 1 0
github.com/juandiii/jetson-monitor/logging/logging.go:69.53,69.79 1 0
github.com/juandiii/jetson-monitor/logging/logging.go:71.39,71.64 1 0
github.com/juandiii/jetson-monitor/config/config.go:54.70,55.16 1 0
github.com/juandiii/jetson-monitor/config/config.go:55.16,57.3 1 0
github.com/juandiii/jetson-monitor/config/config.go:58.2,58.43 1 0
github.com/juandiii/jetson-monitor/config/config.go:58.43,59.20 1 0
github.com/juandiii/jetson-monitor/config/config.go:59.20,61.4 1 0
github.com/juandiii/jetson-monitor/config/config.go:62.3,62.18 1 0
github.com/juandiii/jetson-monitor/config/config.go:65.2,66.16 2 0
github.com/juandiii/jetson-monitor/config/config.go:66.16,68.3 1 0
github.com/juandiii/jetson-monitor/config/config.go:69.2,72.53 3 0
github.com/juandiii/jetson-monitor/config/config.go:72.53,74.3 1 0
github.com/juandiii/jetson-monitor/config/config.go:76.2,79.37 3 0
github.com/juandiii/jetson-monitor/config/config.go:79.37,81.3 1 0
github.com/juandiii/jetson-monitor/config/config.go:83.2,83.55 1 0
github.com/juandiii/jetson-monitor/config/config.go:83.55,84.56 1 0
github.com/juandiii/jetson-monitor/config/config.go:84.56,86.4 1 0
github.com/juandiii/jetson-monitor/config/config.go:88.2,88.15 1 0
github.com/juandiii/jetson-monitor/config/config.go:91.37,92.17 1 0
github.com/juandiii/jetson-monitor/config/config.go:92.17,94.3 1 0
github.com/juandiii/jetson-monitor/config/config.go:95.2,95.23 1 0
github.com/juandiii/jetson-monitor/config/config.go:95.23,97.3 1 0
github.com/juandiii/jetson-monitor/config/config.go:98.2,98.31 1 0
github.com/juandiii/jetson-monitor/config/config.go:98.31,100.3 1 0
github.com/juandiii/jetson-monitor/config/config.go:102.2,102.26 1 0
github.com/juandiii/jetson-monitor/config/config.go:102.26,104.3 1 0
github.com/juandiii/jetson-monitor/config/config.go:105.2,105.25 1 0
github.com/juandiii/jetson-monitor/config/config.go:105.25,107.3 1 0
github.com/juandiii/jetson-monitor/config/config.go:108.2,108.25 1 0
github.com/juandiii/jetson-monitor/config/config.go:108.25,110.3 1 0
github.com/juandiii/jetson-monitor/config/config.go:111.2,111.26 1 0
github.com/juandiii/jetson-monitor/config/config.go:111.26,113.3 1 0
github.com/juandiii/jetson-monitor/config/config.go:114.2,114.28 1 0
github.com/juandiii/jetson-monitor/config/config.go:114.28,117.3 2 0
github.com/juandiii/jetson-monitor/config/config.go:118.2,118.40 1 0
github.com/juandiii/jetson-monitor/config/config.go:118.40,120.3 1 0
github.com/juandiii/jetson-monitor/config/config.go:123.41,124.44 1 0
github.com/juandiii/jetson-monitor/config/config.go:124.44,125.44 1 0
github.com/juandiii/jetson-monitor/config/config.go:125.44,127.4 1 0
github.com/juandiii/jetson-monitor/config/config.go:129.2,129.50 1 0
github.com/juandiii/jetson-monitor/config/config.go:129.50,131.3 1 0
github.com/juandiii/jetson-monitor/config/config.go:132.2,132.60 1 0
github.com/juandiii/jetson-monitor/config/config.go:132.60,133.44 1 0
github.com/juandiii/jetson-monitor/config/config.go:133.44,135.4 1 0
github.com/juandiii/jetson-monitor/config/config.go:137.2,137.67 1 0
github.com/juandiii/jetson-monitor/config/config.go:137.67,138.44 1 0
github.com/juandiii/jetson-monitor/config/config.go:138.44,140.4 1 0
github.com/juandiii/jetson-monitor/config/config.go:142.2,142.55 1 0
github.com/juandiii/jetson-monitor/config/config.go:142.55,143.44 1 0
github.com/juandiii/jetson-monitor/config/config.go:143.44,145.4 1 0
github.com/juandiii/jetson-monitor/config/config.go:147.2,147.54 1 0
github.com/juandiii/jetson-monitor/config/config.go:147.54,148.44 1 0
github.com/juandiii/jetson-monitor/config/config.go:148.44,150.4 1 0
github.com/juandiii/jetson-monitor/config/config.go:152.2,152.54 1 0
github.com/juandiii/jetson-monitor/config/config.go:152.54,153.44 1 0
github.com/juandiii/jetson-monitor/config/config.go:153.44,155.4 1 0
github.com/juandiii/jetson-monitor/config/config.go:157.2,157.54 1 0
github.com/juandiii/jetson-monitor/config/config.go:157.54,158.54 1 0
github.com/juandiii/jetson-monitor/config/config.go:158.54,160.4 1 0
github.com/juandiii/jetson-monitor/config/config.go:162.2,162.54 1 0
github.com/juandiii/jetson-monitor/config/config.go:162.54,163.49 1 0
github.com/juandiii/jetson-monitor/config/config.go:163.49,165.4 1 0
github.com/juandiii/jetson-monitor/config/config.go:167.2,167.56 1 0
github.com/juandiii/jetson-monitor/config/config.go:167.56,168.44 1 0
github.com/juandiii/jetson-monitor/config/config.go:168.44,170.4 1 0
github.com/juandiii/jetson-monitor/config/config.go:172.2,172.50 1 0
github.com/juandiii/jetson-monitor/config/config.go:172.50,174.3 1 0
github.com/juandiii/jetson-monitor/config/config.go:177.41,178.34 1 0
github.com/juandiii/jetson-monitor/config/config.go:178.34,180.3 1 0
github.com/juandiii/jetson-monitor/config/config.go:181.2,181.25 1 0
github.com/juandiii/jetson-monitor/config/config.go:181.25,183.3 1 0
github.com/juandiii/jetson-monitor/config/config.go:184.2,184.46 1 0
github.com/juandiii/jetson-monitor/config/config.go:184.46,186.3 1 0
github.com/juandiii/jetson-monitor/config/config.go:187.2,187.37 1 0
github.com/juandiii/jetson-monitor/config/config.go:187.37,189.3 1 0
github.com/juandiii/jetson-monitor/config/config.go:190.2,190.26 1 0
github.com/juandiii/jetson-monitor/config/config.go:190.26,192.3 1 0
github.com/juandiii/jetson-monitor/config/config.go:193.2,193.22 1 0
github.com/juandiii/jetson-monitor/config/config.go:193.22,195.3 1 0
github.com/juandiii/jetson-monitor/config/config.go:196.2,196.27 1 0
github.com/juandiii/jetson-monitor/config/config.go:196.27,197.18 1 0
github.com/juandiii/jetson-monitor/config/config.go:197.18,199.4 1 0
github.com/juandiii/jetson-monitor/config/config.go:200.3,200.24 1 0
github.com/juandiii/jetson-monitor/config/config.go:200.24,201.61 1 0
github.com/juandiii/jetson-monitor/config/config.go:201.61,203.5 1 0
github.com/juandiii/jetson-monitor/config/config.go:206.2,206.12 1 0
github.com/juandiii/jetson-monitor/config/config.go:209.57,211.63 2 0
github.com/juandiii/jetson-monitor/config/config.go:211.63,213.3 1 0
github.com/juandiii/jetson-monitor/config/config.go:215.2,215.40 1 0
github.com/juandiii/jetson-monitor/config/config.go:215.40,217.3 1 0
github.com/juandiii/jetson-monitor/config/config.go:218.2,218.13 1 0
github.com/juandiii/jetson-monitor/config/config.go:221.51,223.60 2 0
github.com/juandiii/jetson-monitor/config/config.go:223.60,225.3 1 0
github.com/juandiii/jetson-monitor/config/config.go:227.2,227.42 1 0
github.com/juandiii/jetson-monitor/config/config.go:227.42,229.3 1 0
github.com/juandiii/jetson-monitor/config/config.go:230.2,230.13 1 0
github.com/juandiii/jetson-monitor/config/config.go:233.38,235.16 2 0
github.com/juandiii/jetson-monitor/config/config.go:235.16,237.3 1 0
github.com/juandiii/jetson-monitor/config/config.go:238.2,238.16 1 0
github.com/juandiii/jetson-monitor/config/config.go:238.16,240.3 1 0
github.com/juandiii/jetson-monitor/config/config.go:241.2,241.12 1 0
github.com/juandiii/jetson-monitor/notification/telegram/telegram.go:37.104,38.54 1 0
github.com/juandiii/jetson-monitor/notification/telegram/telegram.go:38.54,39.17 1 0
github.com/juandiii/jetson-monitor/notification/telegram/telegram.go:39.17,41.4 1 0
github.com/juandiii/jetson-monitor/notification/telegram/telegram.go:42.3,42.13 1 0
github.com/juandiii/jetson-monitor/notification/telegram/telegram.go:45.2,46.24 2 0
github.com/juandiii/jetson-monitor/notification/telegram/telegram.go:46.24,47.17 1 0
github.com/juandiii/jetson-monitor/notification/telegram/telegram.go:47.17,49.4 1 0
github.com/juandiii/jetson-monitor/notification/telegram/telegram.go:50.3,50.13 1 0
github.com/juandiii/jetson-monitor/notification/telegram/telegram.go:53.2,53.19 1 0
github.com/juandiii/jetson-monitor/notification/telegram/telegram.go:53.19,64.17 3 0
github.com/juandiii/jetson-monitor/notification/telegram/telegram.go:64.17,66.4 1 0
github.com/juandiii/jetson-monitor/notification/telegram/telegram.go:69.2,77.3 3 0
github.com/juandiii/jetson-monitor/notification/telegram/telegram.go:80.63,81.78 1 0
github.com/juandiii/jetson-monitor/notification/telegram/telegram.go:81.78,83.3 1 0
github.com/juandiii/jetson-monitor/notification/telegram/telegram.go:85.2,95.16 5 0
github.com/juandiii/jetson-monitor/notification/telegram/telegram.go:95.16,97.3 1 0
github.com/juandiii/jetson-monitor/notification/telegram/telegram.go:99.2,101.16 3 0
github.com/juandiii/jetson-monitor/notification/telegram/telegram.go:101.16,103.3 1 0
github.com/juandiii/jetson-monitor/notification/telegram/telegram.go:104.2,104.18 1 0
github.com/juandiii/jetson-monitor/notification/telegram/telegram.go:104.18,105.33 1 0
github.com/juandiii/jetson-monitor/notification/telegram/telegram.go:105.33,107.4 1 0
github.com/juandiii/jetson-monitor/notification/telegram/telegram.go:108.3,108.79 1 0
github.com/juandiii/jetson-monitor/notification/telegram/telegram.go:111.2,111.21 1 0
github.com/juandiii/jetson-monitor/notification/telegram/telegram.go:111.21,113.3 1 0
github.com/juandiii/jetson-monitor/notification/telegram/telegram.go:114.2,114.12 1 0
github.com/juandiii/jetson-monitor/notification/telegram/telegram.go:117.39,118.23 1 0
github.com/juandiii/jetson-monitor/notification/telegram/telegram.go:119.13,120.17 1 0
github.com/juandiii/jetson-monitor/notification/telegram/telegram.go:121.11,122.24 1 0
github.com/juandiii/jetson-monitor/notification/telegram/telegram.go:123.14,125.14 2 0
github.com/juandiii/jetson-monitor/notification/telegram/telegram.go:125.14,127.4 1 0
github.com/juandiii/jetson-monitor/notification/telegram/telegram.go:128.3,129.17 2 0
github.com/juandiii/jetson-monitor/notification/telegram/telegram.go:129.17,131.4 1 0
github.com/juandiii/jetson-monitor/notification/telegram/telegram.go:132.3,132.18 1 0
github.com/juandiii/jetson-monitor/notification/telegram/telegram.go:133.10,134.18 1 0
github.com/juandiii/jetson-monitor/scheduler/jobs.go:38.119,40.21 2 0
github.com/juandiii/jetson-monitor/scheduler/jobs.go:40.21,42.3 1 0
github.com/juandiii/jetson-monitor/scheduler/jobs.go:44.2,53.37 3 0
github.com/juandiii/jetson-monitor/scheduler/jobs.go:53.37,55.3 1 0
github.com/juandiii/jetson-monitor/scheduler/jobs.go:57.2,58.41 2 0
github.com/juandiii/jetson-monitor/scheduler/jobs.go:58.41,60.3 1 0
github.com/juandiii/jetson-monitor/scheduler/jobs.go:62.2,70.3 1 0
github.com/juandiii/jetson-monitor/scheduler/jobs.go:73.27,81.16 5 0
github.com/juandiii/jetson-monitor/scheduler/jobs.go:81.16,84.3 2 0
github.com/juandiii/jetson-monitor/scheduler/jobs.go:86.2,89.9 3 0
github.com/juandiii/jetson-monitor/scheduler/jobs.go:90.33,91.24 1 0
github.com/juandiii/jetson-monitor/scheduler/jobs.go:93.18,95.48 2 0
github.com/juandiii/jetson-monitor/scheduler/jobs.go:95.48,97.4 1 0
github.com/juandiii/jetson-monitor/scheduler/jobs.go:97.9,100.4 2 0
github.com/juandiii/jetson-monitor/scheduler/jobs.go:103.2,103.30 1 0
github.com/juandiii/jetson-monitor/scheduler/jobs.go:103.30,105.18 2 0
github.com/juandiii/jetson-monitor/scheduler/jobs.go:105.18,106.53 1 0
github.com/juandiii/jetson-monitor/scheduler/jobs.go:106.53,108.5 1 0
github.com/juandiii/jetson-monitor/scheduler/jobs.go:109.4,110.10 2 0
github.com/juandiii/jetson-monitor/scheduler/jobs.go:112.3,113.9 2 0
github.com/juandiii/jetson-monitor/scheduler/jobs.go:116.2,116.29 1 0
github.com/juandiii/jetson-monitor/scheduler/jobs.go:116.29,119.3 2 0
github.com/juandiii/jetson-monitor/scheduler/jobs.go:121.2,121.51 1 0
github.com/juandiii/jetson-monitor/scheduler/jobs.go:121.51,123.3 1 0
github.com/juandiii/jetson-monitor/scheduler/jobs.go:124.2,124.31 1 0
github.com/juandiii/jetson-monitor/scheduler/jobs.go:127.55,128.44 1 0
github.com/juandiii/jetson-monitor/scheduler/jobs.go:128.44,129.22 1 0
github.com/juandiii/jetson-monitor/scheduler/jobs.go:129.22,131.4 1 0
github.com/juandiii/jetson-monitor/scheduler/jobs.go:132.3,132.9 1 0
github.com/juandiii/jetson-monitor/scheduler/jobs.go:134.2,134.32 1 0
github.com/juandiii/jetson-monitor/scheduler/jobs.go:134.32,135.15 1 0
github.com/juandiii/jetson-monitor/scheduler/jobs.go:135.15,138.36 1 0
github.com/juandiii/jetson-monitor/scheduler/jobs.go:138.36,140.5 1 0
github.com/juandiii/jetson-monitor/scheduler/jobs.go:144.2,144.24 1 0
github.com/juandiii/jetson-monitor/scheduler/jobs.go:147.48,148.32 1 0
github.com/juandiii/jetson-monitor/scheduler/jobs.go:148.32,149.15 1 0
github.com/juandiii/jetson-monitor/scheduler/jobs.go:149.15,152.36 1 0
github.com/juandiii/jetson-monitor/scheduler/jobs.go:152.36,154.5 1 0
github.com/juandiii/jetson-monitor/scheduler/jobs.go:161.65,162.39 1 0
github.com/juandiii/jetson-monitor/scheduler/jobs.go:162.39,164.3 1 0
github.com/juandiii/jetson-monitor/scheduler/jobs.go:165.2,165.33 1 0
github.com/juandiii/jetson-monitor/scheduler/jobs.go:165.33,167.3 1 0
github.com/juandiii/jetson-monitor/scheduler/jobs.go:168.2,168.25 1 0
github.com/juandiii/jetson-monitor/scheduler/jobs.go:171.50,174.11 3 0
github.com/juandiii/jetson-monitor/scheduler/jobs.go:174.11,176.3 1 0
github.com/juandiii/jetson-monitor/scheduler/jobs.go:177.2,178.71 2 0
github.com/juandiii/jetson-monitor/scheduler/jobs.go:181.61,183.2 1 0
github.com/juandiii/jetson-monitor/scheduler/store.go:29.39,32.2 2 0
github.com/juandiii/jetson-monitor/scheduler/store.go:41.73,51.2 4 0
github.com/juandiii/jetson-monitor/scheduler/store.go:53.33,55.16 2 0
github.com/juandiii/jetson-monitor/scheduler/store.go:55.16,56.37 1 0
github.com/juandiii/jetson-monitor/scheduler/store.go:56.37,58.4 1 0
github.com/juandiii/jetson-monitor/scheduler/store.go:59.3,59.19 1 0
github.com/juandiii/jetson-monitor/scheduler/store.go:59.19,61.4 1 0
github.com/juandiii/jetson-monitor/scheduler/store.go:62.3,62.9 1 0
github.com/juandiii/jetson-monitor/scheduler/store.go:64.2,69.55 4 0
github.com/juandiii/jetson-monitor/scheduler/store.go:69.55,70.25 1 0
github.com/juandiii/jetson-monitor/scheduler/store.go:70.25,71.41 1 0
github.com/juandiii/jetson-monitor/scheduler/store.go:71.41,72.13 1 0
github.com/juandiii/jetson-monitor/scheduler/store.go:74.4,74.33 1 0
github.com/juandiii/jetson-monitor/scheduler/store.go:76.3,76.9 1 0
github.com/juandiii/jetson-monitor/scheduler/store.go:80.42,84.48 3 0
github.com/juandiii/jetson-monitor/scheduler/store.go:84.48,85.19 1 0
github.com/juandiii/jetson-monitor/scheduler/store.go:85.19,87.4 1 0
github.com/juandiii/jetson-monitor/scheduler/store.go:88.3,88.9 1 0
github.com/juandiii/jetson-monitor/scheduler/store.go:91.2,92.28 2 0
github.com/juandiii/jetson-monitor/scheduler/store.go:92.28,94.3 1 0
github.com/juandiii/jetson-monitor/scheduler/store.go:95.2,95.42 1 0
github.com/juandiii/jetson-monitor/scheduler/store.go:95.42,95.84 1 0
github.com/juandiii/jetson-monitor/scheduler/store.go:97.2,98.16 2 0
github.com/juandiii/jetson-monitor/scheduler/store.go:98.16,99.19 1 0
github.com/juandiii/jetson-monitor/scheduler/store.go:99.19,101.4 1 0
github.com/juandiii/jetson-monitor/scheduler/store.go:102.3,102.9 1 0
github.com/juandiii/jetson-monitor/scheduler/store.go:104.2,109.44 5 0
github.com/juandiii/jetson-monitor/scheduler/store.go:109.44,112.19 3 0
github.com/juandiii/jetson-monitor/scheduler/store.go:112.19,114.4 1 0
github.com/juandiii/jetson-monitor/scheduler/store.go:115.3,115.9 1 0
github.com/juandiii/jetson-monitor/scheduler/store.go:118.2,122.47 4 0
github.com/juandiii/jetson-monitor/scheduler/store.go:122.47,124.19 2 0
github.com/juandiii/jetson-monitor/scheduler/store.go:124.19,126.4 1 0
github.com/juandiii/jetson-monitor/scheduler/store.go:127.3,127.9 1 0
github.com/juandiii/jetson-monitor/scheduler/store.go:130.2,130.41 1 0
github.com/juandiii/jetson-monitor/scheduler/store.go:130.41,133.3 2 0
github.com/juandiii/jetson-monitor/scheduler/store.go:136.50,142.2 5 0
github.com/juandiii/jetson-monitor/scheduler/store.go:144.50,150.2 5 0
github.com/juandiii/jetson-monitor/scheduler/store.go:152.81,156.13 4 0
github.com/juandiii/jetson-monitor/scheduler/store.go:156.13,158.3 1 0
github.com/juandiii/jetson-monitor/scheduler/store.go:159.2,159.48 1 0
github.com/juandiii/jetson-monitor/scheduler/store.go:162.48,166.28 4 0
github.com/juandiii/jetson-monitor/scheduler/store.go:166.28,168.3 1 0
github.com/juandiii/jetson-monitor/scheduler/store.go:169.2,169.38 1 0
github.com/juandiii/jetson-monitor/scheduler/store.go:169.38,169.72 1 0
github.com/juandiii/jetson-monitor/scheduler/store.go:170.2,170.12 1 0
github.com/juandiii/jetson-monitor/sdk/client.go:68.40,70.20 2 0
github.com/juandiii/jetson-monitor/sdk/client.go:70.20,72.3 1 0
github.com/juandiii/jetson-monitor/sdk/client.go:73.2,73.23 1 0
github.com/juandiii/jetson-monitor/sdk/client.go:73.23,76.3 1 0
github.com/juandiii/jetson-monitor/sdk/client.go:77.2,78.98 1 0
github.com/juandiii/jetson-monitor/sdk/client.go:83.49,84.23 1 0
github.com/juandiii/jetson-monitor/sdk/client.go:84.23,86.3 1 0
github.com/juandiii/jetson-monitor/sdk/client.go:87.2,96.10 3 0
github.com/juandiii/jetson-monitor/sdk/client.go:101.71,103.27 2 0
github.com/juandiii/jetson-monitor/sdk/client.go:103.27,104.32 1 0
github.com/juandiii/jetson-monitor/sdk/client.go:104.32,106.4 1 0
github.com/juandiii/jetson-monitor/sdk/client.go:109.2,109.32 1 0
github.com/juandiii/jetson-monitor/sdk/client.go:109.32,113.40 3 0
github.com/juandiii/jetson-monitor/sdk/client.go:113.40,115.4 1 0
github.com/juandiii/jetson-monitor/sdk/client.go:116.3,116.40 1 0
github.com/juandiii/jetson-monitor/sdk/client.go:116.40,118.4 1 0
github.com/juandiii/jetson-monitor/sdk/client.go:120.3,124.105 3 0
github.com/juandiii/jetson-monitor/sdk/client.go:124.105,125.19 1 0
github.com/juandiii/jetson-monitor/sdk/client.go:125.19,127.5 1 0
github.com/juandiii/jetson-monitor/sdk/client.go:128.4,128.20 1 0
github.com/juandiii/jetson-monitor/sdk/client.go:131.3,131.100 1 0
github.com/juandiii/jetson-monitor/sdk/client.go:131.100,132.128 1 0
github.com/juandiii/jetson-monitor/sdk/client.go:132.128,134.5 1 0
github.com/juandiii/jetson-monitor/sdk/client.go:135.4,135.59 1 0
github.com/juandiii/jetson-monitor/sdk/client.go:138.3,138.46 1 0
github.com/juandiii/jetson-monitor/sdk/client.go:141.2,141.15 1 0
github.com/juandiii/jetson-monitor/sdk/client.go:144.38,145.31 1 0
github.com/juandiii/jetson-monitor/sdk/client.go:145.31,147.17 2 0
github.com/juandiii/jetson-monitor/sdk/client.go:147.17,149.4 1 0
github.com/juandiii/jetson-monitor/sdk/client.go:150.3,151.13 2 0
github.com/juandiii/jetson-monitor/sdk/client.go:155.40,156.31 1 0
github.com/juandiii/jetson-monitor/sdk/client.go:156.31,159.3 2 0
github.com/juandiii/jetson-monitor/sdk/client.go:162.61,163.31 1 0
github.com/juandiii/jetson-monitor/sdk/client.go:163.31,164.29 1 0
github.com/juandiii/jetson-monitor/sdk/client.go:164.29,166.4 1 0
github.com/juandiii/jetson-monitor/sdk/client.go:167.3,167.13 1 0
github.com/juandiii/jetson-monitor/sdk/client.go:171.62,172.31 1 0
github.com/juandiii/jetson-monitor/sdk/client.go:172.31,177.3 4 0
github.com/juandiii/jetson-monitor/sdk/client.go:180.27,180.40 1 0
github.com/juandiii/jetson-monitor/sdk/client.go:182.67,184.2 1 0
github.com/juandiii/jetson-monitor/sdk/client.go:186.114,188.16 2 0
github.com/juandiii/jetson-monitor/sdk/client.go:188.16,190.3 1 0
github.com/juandiii/jetson-monitor/sdk/client.go:192.2,193.16 2 0
github.com/juandiii/jetson-monitor/sdk/client.go:194.59,195.54 1 0
github.com/juandiii/jetson-monitor/sdk/client.go:196.10,198.18 2 0
github.com/juandiii/jetson-monitor/sdk/client.go:198.18,199.59 1 0
github.com/juandiii/jetson-monitor/sdk/client.go:199.59,201.5 1 0
github.com/juandiii/jetson-monitor/sdk/client.go:203.3,204.17 2 0
github.com/juandiii/jetson-monitor/sdk/client.go:204.17,206.4 1 0
github.com/juandiii/jetson-monitor/sdk/client.go:208.2,208.16 1 0
github.com/juandiii/jetson-monitor/sdk/client.go:208.16,210.3 1 0
github.com/juandiii/jetson-monitor/sdk/client.go:212.2,212.30 1 0
github.com/juandiii/jetson-monitor/sdk/client.go:212.30,214.3 1 0
github.com/juandiii/jetson-monitor/sdk/client.go:215.2,217.34 3 0
github.com/juandiii/jetson-monitor/sdk/client.go:220.46,223.2 2 0
github.com/juandiii/jetson-monitor/sdk/client.go:225.95,229.16 2 0
github.com/juandiii/jetson-monitor/sdk/client.go:229.16,231.3 1 0
github.com/juandiii/jetson-monitor/sdk/client.go:233.2,233.33 1 0
github.com/juandiii/jetson-monitor/sdk/client.go:233.33,235.3 1 0
github.com/juandiii/jetson-monitor/sdk/client.go:237.2,237.15 1 0
github.com/juandiii/jetson-monitor/sdk/client.go:237.15,239.73 2 0
github.com/juandiii/jetson-monitor/sdk/client.go:239.73,241.4 1 0
github.com/juandiii/jetson-monitor/sdk/client.go:242.3,242.24 1 0
github.com/juandiii/jetson-monitor/sdk/client.go:245.2,247.44 2 0
github.com/juandiii/jetson-monitor/sdk/client.go:247.44,249.3 1 0
github.com/juandiii/jetson-monitor/sdk/client.go:251.2,251.57 1 0
github.com/juandiii/jetson-monitor/sdk/client.go:251.57,252.33 1 0
github.com/juandiii/jetson-monitor/sdk/client.go:252.33,255.4 2 0
github.com/juandiii/jetson-monitor/sdk/client.go:256.3,257.23 2 0
github.com/juandiii/jetson-monitor/sdk/client.go:259.2,259.22 1 0
github.com/juandiii/jetson-monitor/sdk/client.go:262.44,263.45 1 0
github.com/juandiii/jetson-monitor/sdk/client.go:263.45,265.3 1 0
github.com/juandiii/jetson-monitor/sdk/client.go:267.2,269.33 3 0
github.com/juandiii/jetson-monitor/sdk/client.go:269.33,270.52 1 0
github.com/juandiii/jetson-monitor/sdk/client.go:270.52,272.4 1 0
github.com/juandiii/jetson-monitor/sdk/client.go:274.2,274.24 1 0
github.com/juandiii/jetson-monitor/sdk/client.go:274.24,276.3 1 0
github.com/juandiii/jetson-monitor/sdk/client.go:277.2,277.92 1 0
github.com/juandiii/jetson-monitor/sdk/client.go:277.92,279.3 1 0
github.com/juandiii/jetson-monitor/sdk/client.go:280.2,280.11 1 0
github.com/juandiii/jetson-monitor/sdk/client.go:283.80,285.2 1 0
github.com/juandiii/jetson-monitor/sdk/client.go:287.111,289.2 1 0
github.com/juandiii/jetson-monitor/app/app.go:28.64,29.23 1 1
github.com/juandiii/jetson-monitor/app/app.go:29.23,31.3 1 1
github.com/juandiii/jetson-monitor/app/app.go:33.2,39.3 2 1
github.com/juandiii/jetson-monitor/app/app.go:42.36,53.31 5 1
github.com/juandiii/jetson-monitor/app/app.go:53.31,54.101 1 1
github.com/juandiii/jetson-monitor/app/app.go:54.101,55.23 1 1
github.com/juandiii/jetson-monitor/app/app.go:55.23,57.5 1 1
github.com/juandiii/jetson-monitor/app/app.go:58.4,58.12 1 1
github.com/juandiii/jetson-monitor/app/app.go:61.2,62.21 2 1
github.com/juandiii/jetson-monitor/app/app.go:62.21,64.3 1 1
github.com/juandiii/jetson-monitor/app/app.go:66.2,70.12 4 1
github.com/juandiii/jetson-monitor/app/app.go:70.12,72.3 1 1
github.com/juandiii/jetson-monitor/app/app.go:74.2,74.21 1 1
github.com/juandiii/jetson-monitor/app/app.go:74.21,76.3 1 1
github.com/juandiii/jetson-monitor/app/app.go:78.2,78.20 1 1
github.com/juandiii/jetson-monitor/app/app.go:81.51,83.12 2 1
github.com/juandiii/jetson-monitor/app/app.go:83.12,84.20 1 1
github.com/juandiii/jetson-monitor/app/app.go:84.20,85.63 1 1
github.com/juandiii/jetson-monitor/app/app.go:85.63,87.5 1 0
github.com/juandiii/jetson-monitor/app/app.go:89.3,89.14 1 1
github.com/juandiii/jetson-monitor/app/app.go:92.2,92.9 1 1
github.com/juandiii/jetson-monitor/app/app.go:93.14,94.22 1 1
github.com/juandiii/jetson-monitor/app/app.go:94.22,96.4 1 1
github.com/juandiii/jetson-monitor/app/app.go:97.20,98.22 1 0
github.com/juandiii/jetson-monitor/app/app.go:98.22,100.4 1 0
github.com/juandiii/jetson-monitor/app/app.go:101.3,101.19 1 0
github.com/juandiii/jetson-monitor/app/app.go:104.2,104.20 1 1
github.com/juandiii/jetson-monitor/app/app.go:104.20,106.3 1 1
github.com/juandiii/jetson-monitor/app/app.go:107.2,107.21 1 1
github.com/juandiii/jetson-monitor/app/app.go:107.21,109.3 1 1
github.com/juandiii/jetson-monitor/app/app.go:111.2,111.12 1 1
